%DCL-W-IVKEYW, unrecognized keyword - check validity and spelling
 \VERSION\
%DCL-W-IVKEYW, unrecognized keyword - check validity and spelling
 \VER\
%DCL-W-IVKEYW, unrecognized keyword - check validity and spelling
 \VERIFY\
%DCL-W-IVKEYW, unrecognized keyword - check validity and spelling
 \VERSION\
